namespace Demo.CommentsStrings
  public class RealClass
    private const string HelpText = …
    private static readonly string SqlQuery = …
    private static readonly string RawLiteral = …
    public void RealMethod()
    public const int RealConst = …
  public interface IRealInterface
    void RealWork()
    int RealCompute(double value)
  public enum RealEnum
  public struct RealStruct
    public RealStruct(int value)
    public override string ToString()
  public static class StringHelper
