namespace Edge
  public class LegacyClass
    public const int Version = …
    public LegacyClass()
    public void OldMethod()
    public void NewMethod()
  public partial class PartialWidget
    public const string Kind = …
    partial void OnIdChanged(int newId)
  public partial class PartialWidget
    partial void OnIdChanged(int newId)
    public override string ToString()
  public class EmptyClass
  public struct Point
  public readonly struct Vector2
    public Vector2(float x, float y)
    public override string ToString()
  public interface IPrintable
    void Print()
    string Format(string template)
  public class Document : IPrintable
    public const string DefaultTemplate = …
    public void Print()
  public static class LongSignatures
    public static Dictionary<string, List<Tuple<int, string, bool>>> BuildComplexMap(IEnumerable<string> keys, Func<string, int> indexer, Func<string, string> namer, Func<string, bool> validator)
  public enum ErrorCode
  public record LogEntry(DateTime Timestamp, string Message, int Level)
    public static readonly LogEntry Empty = …
    public bool IsError()
    public string Format()
