namespace Demo.Generics
  public readonly struct Result<T, TError>
    public Result(T value)
    public Result(TError error)
  public interface IRepository<TEntity, TKey>
    IEnumerable<TEntity> FindAll()
    void Save(TEntity entity)
    bool Delete(TKey id)
  public class InMemoryRepository<TEntity, TKey> : IRepository<TEntity, TKey>
    public const int InitialCapacity = …
    public InMemoryRepository(Func<TEntity, TKey> keySelector)
    public IEnumerable<TEntity> FindAll() => _store.Values
    public void Save(TEntity entity)
    public bool Delete(TKey id) => _store.Remove(id)
  public sealed class Pipeline<TIn, TOut>
    private Pipeline(Func<TIn, TOut> step)
    public static Pipeline<TIn, TIn> Start() => new(x => x)
    public TOut Run(TIn input) => _step(input)
  public static class GenericExtensions
  public static class ComparerFactory
  public enum SortDirection
  public delegate TResult Transformer<TIn, TOut, TResult>(TIn input, TOut context)
