namespace Acme.Commerce.Api
  public record Product(int Id, string Name, decimal Price, int Stock)
  public record ServiceResult<T>(bool Success, T? Value, string? Error)
    public static ServiceResult<T> Ok(T value)
    public static ServiceResult<T> Fail(string error)
  public interface IProductRepository
    Task<Product?> GetByIdAsync(int id, CancellationToken ct = default)
    Task<IReadOnlyList<Product>> ListAsync(int page, int pageSize, CancellationToken ct = default)
    Task<Product> AddAsync(Product product, CancellationToken ct = default)
    Task<bool> UpdateStockAsync(int id, int delta, CancellationToken ct = default)
    Task<bool> DeleteAsync(int id, CancellationToken ct = default)
  public class ProductService
    public const int MaxPageSize = …
    public const int DefaultPageSize = …
    private static readonly TimeSpan CacheExpiry = …
    public ProductService(IProductRepository repo)
    public async Task<ServiceResult<Product>> GetProductAsync(int id, CancellationToken ct = default)
    public async Task<ServiceResult<IReadOnlyList<Product>>> ListProductsAsync(int page = 1, int pageSize = DefaultPageSize, CancellationToken ct = default)
    public async Task<ServiceResult<Product>> CreateProductAsync(string name, decimal price, int stock, CancellationToken ct = default)
    public async Task<ServiceResult<bool>> AdjustStockAsync(int id, int delta, CancellationToken ct = default)
  public class ProductsController
    public ProductsController(ProductService service)
    public async Task<IActionResult> GetAll([FromQuery] int page = 1, [FromQuery] int pageSize = ProductService.DefaultPageSize, CancellationToken ct = default)
    public async Task<IActionResult> GetById(int id, CancellationToken ct = default)
    public async Task<IActionResult> Create([FromBody] CreateProductRequest req, CancellationToken ct = default)
  public record CreateProductRequest(string Name, decimal Price, int Stock)
  public static class PriceHelper
    public static readonly decimal VatRate = …
    public static readonly string CurrencySymbol = …
    public static decimal AddVat(decimal net)
    public static string Format(decimal amount)
