@@CASE@@ comments_strings
REAL_CONST = …
REAL_READONLY = …
real_function()
function string_test()
function heredoc_text()
function double_quoted_heredoc()
real_at_end()
@@CASE@@ constants
MAX_CONNECTIONS = …
MIN_TIMEOUT = …
APP_ROOT = …
DB_HOST = …
PI = …
ENVIRONMENT = …
LOG_LEVEL = …
RETRY_COUNT = …
BUFFER_SIZE = …
get_max()
function get_env()
COMPILED_REGEX = …
DEBUG_MODE = …
set_debug()
SCRIPT_DIR = …
VERSION_STRING = …
@@CASE@@ edge
EMPTY_VAL = …
QUOTED_SPACES = …
UPPER_NO_READONLY = …
ANOTHER_UPPER = …
function spaced_name()
no_space_brace()
function one_liner()
func123()
function _private_func()
__double_under()
function UPPER_FUNC()
A_CONST = …
B_CONST = …
C_CONST = …
normal_func()
function compact()
LAST_CONST = …
@@CASE@@ functions
function alpha()
function beta()
gamma()
delta()
function epsilon()
zeta()
function with_args()
no_body_call()
function multiline_body()
function this_is_a_very_long_function_name_for_testing()
short()
@@CASE@@ heredoc_at_toplevel
REAL = …
@@CASE@@ heredoc_in_function
myfunc()
@@CASE@@ nested
PLATFORM = …
CONFIG_FILE = …
function linux_setup()
function fallback_setup()
platform_name()
platform_name()
outer()
  inner_helper()
function conditional_func()
  nested_if()
while_wrapper()
  function while_inner()
TOP_LEVEL_AFTER = …
top_after_nested()
@@CASE@@ realworld
APP_NAME = …
VERSION = …
LOG_DIR = …
BUILD_DIR = …
MAX_RETRIES = …
TIMEOUT = …
check_dependencies()
function build_image()
function push_image()
wait_for_health()
function deploy_service()
rollback()
function cleanup()
@@CASE@@ sample
MAX = …
NAME = …
greet()
function deploy()
@@CASE@@ subshell_and_arith_bodies
outer()
REAL = …
arith_func()
real_func()
