@@CASE@@ comments_strings
#define GREETING …
#define DECL_STRING …
#define CHAR_LITERAL_BRACE …
static const char *SQL = …
static const int VERSION = …
struct Config
typedef struct Config Config
void print_fake_declarations(void)
int parse_config(const char *filename, struct Config *cfg)
static int validate(const struct Config *cfg)
void dump_config(const struct Config *cfg)
@@CASE@@ edge
#define SWAP(type, a, b) …
#define UNUSED(x) …
#define LIKELY(x) …
#define UNLIKELY(x) …
static const int MAGIC = …
static const size_t FLEX_HEADER_SIZE = …
struct Ops
struct Packet
struct Buffer
struct Flags
struct Value
  union 
int string_format(char *buf, size_t size, const char *fmt, ...)
typedef void (*HandlerFn)(int sig)
HandlerFn signal_set(int signum, HandlerFn handler)
int memcmp_safe(const void *a, size_t la, const void *b, size_t lb)
struct Value value_make_int(long v)
struct Value value_make_str(char *s)
static inline uint32_t rotl32(uint32_t x, int k)
@@CASE@@ line_comment_continuation
int real_fn(void)
@@CASE@@ macros
#define PI …
#define E …
#define MAX_UINT8 …
#define MAX_UINT16 …
#define MAX_UINT32 …
#define CACHE_LINE …
#define PAGE_SIZE …
#define BIT(n) …
#define BITMASK(lo, hi) …
#define SET_BIT(x, n) …
#define CLR_BIT(x, n) …
#define TST_BIT(x, n) …
#define MIN(a, b) …
#define MAX(a, b) …
#define CLAMP(v, lo, hi) …
#define ARRAY_LEN(arr) …
#define ARRAY_END(arr) …
#define ALIGN_UP(x, align) …
#define ALIGN_DOWN(x, align) …
#define IS_ALIGNED(x, align) …
#define STATIC_ASSERT(cond, msg) …
#define UNREACHABLE() …
#define STRINGIFY(x) …
#define TOSTRING(x) …
#define CONCAT(a, b) …
static const uint32_t FNV_OFFSET_BASIS = …
static const uint32_t FNV_PRIME = …
static const size_t MAX_KEY_LEN = …
static const size_t HASH_TABLE_SIZE = …
static const double GOLDEN_RATIO = …
struct MemBlock
uint32_t fnv1a_hash(const void *data, size_t len)
size_t align_up(size_t x, size_t align)
int mem_block_write(struct MemBlock *blk, const void *src, size_t n)
static uint32_t crc32_byte(uint32_t crc, uint8_t byte)
uint32_t crc32(const void *data, size_t len)
@@CASE@@ multiline_define
#define M …
int after(void)
@@CASE@@ nested
struct Point2D
struct Point3D
union FloatInt
struct Color
  union 
    struct 
struct Transform
  struct 
struct SceneNode
union Register
  struct 
  struct 
void transform_apply(const struct Transform *t, const struct Point3D *in, struct Point3D *out)
struct Point3D point3d_add(struct Point3D a, struct Point3D b)
uint32_t color_lerp(struct Color a, struct Color b, float t)
void scene_node_attach(struct SceneNode *parent, struct SceneNode *child)
@@CASE@@ realworld
#define SERVER_VERSION …
#define MAX_CONNECTIONS …
#define DEFAULT_PORT …
#define BUFFER_SIZE …
static const int BACKLOG = …
static const double TIMEOUT_SEC = …
static const char *DEFAULT_HOST = …
enum ConnectionState
enum LogLevel
struct ServerConfig
struct Connection
struct Server
int server_init(struct Server *srv, const struct ServerConfig *cfg)
void server_shutdown(struct Server *srv)
int server_accept(struct Server *srv)
int connection_read(struct Connection *conn)
int connection_write(struct Connection *conn, const char *data, size_t len)
void connection_close(struct Connection *conn)
static void log_message(enum LogLevel level, const char *fmt, ...)
int server_init(struct Server *srv, const struct ServerConfig *cfg)
void server_shutdown(struct Server *srv)
int server_accept(struct Server *srv)
int connection_read(struct Connection *conn)
int connection_write(struct Connection *conn, const char *data, size_t len)
void connection_close(struct Connection *conn)
static void log_message(enum LogLevel level, const char *fmt, ...)
@@CASE@@ sample
#define MAX …
static const int LIMIT = …
struct Point
int add(int a, int b)
void process(struct Point *p)
@@CASE@@ types
typedef unsigned char u8
typedef unsigned short u16
typedef unsigned int u32
typedef unsigned long long u64
typedef signed char i8
typedef signed short i16
typedef signed int i32
typedef signed long long i64
typedef float f32
typedef double f64
typedef int (*CompareFn)(const void *a, const void *b)
typedef void (*CallbackFn)(int event, void *user_data)
typedef char *(*AllocStrFn)(size_t n)
enum HttpStatus
typedef enum HttpStatus HttpStatus
enum Direction
typedef struct
typedef struct
typedef struct Node
typedef struct
typedef union
  struct 
LinkedList *list_create(CompareFn cmp)
void list_destroy(LinkedList *list)
int list_push_front(LinkedList *list, void *data)
int list_push_back(LinkedList *list, void *data)
void *list_pop_front(LinkedList *list)
Node *list_find(const LinkedList *list, const void *key)
const char *http_status_str(HttpStatus status)
Rect rect_intersect(Rect a, Rect b)
bool rect_contains(const Rect *r, i32 x, i32 y)
