@@CASE@@ annotation_with_equals
MY_CONST: Annotated[int, Field(default=0)] = …
FIELD: Annotated[str, Field(min_length=1, max_length=100)] = …
LITERAL_CONST: Literal["x=1"] = …
@@CASE@@ async_double_space
async def bar():
@@CASE@@ backslash_continuation
def f(a, b):
@@CASE@@ big_def_truncation
def big(p0, p1, p2, p3, p4, p5, p6, p7, p8, p9, p10, p11, p12, p13, p14, p15, p16, p17, p18, p19, p20, p21, p22, p23, p24, p25, p26, p27, p28, p29, p30, p31, p32, p33, p34, p35, p36, p37, p38, p39, p40, p41, p42, p43, p44, p45, p46, p47, p48, p49, p50, p51, p52, p53, p54, p55, p56, p57, p58, p59, p60, p61, p62, p63, p64, p65, p66, p67, p68, p69, p70, p71, p72, p73, p74, p75, p76, p77, p78, p79, p80, p81, p82, p83, p84, p85, p86, p87, p88, p89, p90, p91, p92, p93, p94, p95, p96, p97, p98, p99, p100, p101):
@@CASE@@ bracket_in_string_default
def f(x="("):
@@CASE@@ classes
class Animal(ABC):
  LEGS = …
  def __init__(self, name):
  def speak(self):
class Dog(Animal):
  SOUND = …
  def speak(self):
  class Collar:
    COLOR = …
    def size(self):
class Empty:
@@CASE@@ colon_in_return_type
def f() -> "A: B":
@@CASE@@ comment_in_class_bases
class MyClass(Base1, Mixin):
@@CASE@@ comment_in_params
def create_user(name: str, email: str, age: int = 18) -> User:
@@CASE@@ comment_with_paren
def f(a, b) -> None:
@@CASE@@ comments_strings
REAL_CONSTANT: str = …
def real_function_one() -> str:
def real_function_two(mode: str = "fast") -> None:
ANOTHER_REAL: int = …
class RealClass:
  CLASS_CONST: str = …
  def __init__(self) -> None:
  def real_method(self) -> dict:
  def static_real() -> bool:
TRAILING_REAL: float = …
@@CASE@@ constants
VERSION: str = …
MAX_CONNECTIONS: int = …
MIN_TIMEOUT: float = …
BUFFER_SIZE: int = …
ALLOWED_METHODS: FrozenSet[str] = …
DEFAULT_HEADERS: Dict[str, str] = …
RETRY_BACKOFF_FACTORS: Tuple[float, ...] = …
EMPTY_SET: Set[int] = …
SENTINEL: object = …
FEATURE_FLAGS: Dict[str, bool] = …
class StatusCodes:
  OK: int = …
  CREATED: int = …
  NO_CONTENT: int = …
  BAD_REQUEST: int = …
  UNAUTHORIZED: int = …
  FORBIDDEN: int = …
  NOT_FOUND: int = …
  CONFLICT: int = …
  UNPROCESSABLE_ENTITY: int = …
  INTERNAL_SERVER_ERROR: int = …
  SERVICE_UNAVAILABLE: int = …
  def is_success(cls, code: int) -> bool:
  def is_client_error(cls, code: int) -> bool:
  def is_server_error(cls, code: int) -> bool:
class Units:
  METERS_PER_FOOT: float = …
  METERS_PER_INCH: float = …
  METERS_PER_MILE: float = …
  METERS_PER_KM: float = …
  KG_PER_POUND: float = …
  KG_PER_OUNCE: float = …
  KG_PER_TON: float = …
  SECONDS_PER_MINUTE: int = …
  SECONDS_PER_HOUR: int = …
  SECONDS_PER_DAY: int = …
  SECONDS_PER_WEEK: int = …
  def convert(value: float, from_unit: str, to_unit: str) -> float:
class _PrivateConfig:
  TIMEOUT: int = …
  MAX_SIZE: int = …
  def apply(self) -> Dict[str, Any]:
def describe_constant(name: str, value: Any) -> str:
def is_constant_name(name: str) -> bool:
@@CASE@@ decorators
def fib(n):
class Account:
  RATE = …
  def balance(self):
  def balance(self, value):
  def fee():
  def default(cls):
@@CASE@@ edge
T = …
K = …
V = …
PLATFORM: str = …
VERSION_INFO: Tuple[int, ...] = …
MAX_INT: int = …
IS_64BIT: bool = …
EMPTY_BYTES: bytes = …
NEWLINE: str = …
LOOKUP_TABLE: dict = …
def pos_only_func(x: int, y: int, /, z: int = 0) -> int:
def overloaded_config(host: str = "localhost", port: int = 8080, user: Optional[str] = None, password: Optional[str] = None, database: Optional[str] = None, timeout: float = 30.0, connect_timeout: float = 10.0, max_overflow: int = 10, pool_size: int = 5, pool_recycle: int = -1, pool_pre_ping: bool = False, echo: bool = False, /, *, ssl: bool = False, ssl_ca_certs: Optional[str] = None, charset: str = "utf8mb4", **extra) -> dict:
async def async_range(start: int, stop: int, step: int = 1) -> AsyncGenerator[int, None]:
def chunked(iterable, size: int) -> Generator[list, None, None]:
def process(value: int) -> str:
def process(value: str) -> int:
def process(value):
class AbstractMarker:
class EmptyWithPass:
class Protocol:
class MagicBox(Generic[T]):
  CAPACITY: ClassVar[int] = …
  def __init__(self, value: T) -> None:
  def __repr__(self) -> str:
  def __str__(self) -> str:
  def __eq__(self, other: object) -> bool:
  def __hash__(self) -> int:
  def __bool__(self) -> bool:
  def __len__(self) -> int:
  def __contains__(self, item: object) -> bool:
  def __iter__(self) -> Iterator[T]:
  def __next__(self) -> T:
  def __enter__(self) -> "MagicBox[T]":
  def __exit__(self, exc_type, exc_val, exc_tb) -> bool:
  def __add__(self, other: "MagicBox[T]") -> "MagicBox":
  def __iadd__(self, other: "MagicBox[T]") -> "MagicBox[T]":
  def __getitem__(self, key: int) -> T:
  def __setitem__(self, key: int, value: T) -> None:
  def __delitem__(self, key: int) -> None:
  def __call__(self, *args, **kwargs) -> T:
  def __sizeof__(self) -> int:
  def __class_getitem__(cls, item):
  def empty(cls) -> "MagicBox[None]":
  def of(value: T) -> "MagicBox[T]":
def decorator_a(fn):
def decorator_b(arg):
  def wrapper(fn):
def decorator_c(fn):
def triple_decorated(x: int, y: int) -> int:
def abstract_stub(name: str, value: object) -> None:
def walrus_demo(data: list) -> Optional[int]:
@@CASE@@ empty
@@CASE@@ local_const
def my_function():
@@CASE@@ multiline
def configure(host: str, port: int = 8080, *args, timeout: float = 30.0, retries: int = 3, **kwargs) -> Dict[str, int]:
async def gather(items: List[str], limit: Optional[int] = None) -> List[str]:
class Server(BaseHandler, metaclass=Meta):
  HOST: str = …
  def run(self) -> None:
@@CASE@@ nested
MAX_DEPTH: int = …
class Outer:
  OUTER_CONST: str = …
  def outer_method(self) -> str:
  class Middle:
    MIDDLE_CONST: int = …
    def middle_method(self, x: int) -> int:
    class Inner:
      INNER_CONST: float = …
      def inner_method(self) -> float:
      def inner_helper(self, val: Any) -> bool:
      class DeepestLevel:
        DEEPEST: str = …
        def deepest_method(self) -> str:
    def another_middle_method(self) -> None:
  def outer_factory(self) -> "Outer.Middle":
class Registry:
  REGISTRY_VERSION: int = …
  def __init__(self) -> None:
  def register(self, name: str) -> Callable:
    def decorator(fn: Callable) -> Callable:
  def dispatch(self, name: str, *args: Any, **kwargs: Any) -> Any:
  class HandlerError(Exception):
    CODE: int = …
    def __init__(self, message: str, handler_name: str) -> None:
    def to_dict(self) -> dict:
def make_counter(start: int = 0, step: int = 1) -> Callable[[], int]:
  def increment() -> int:
def pipeline(*stages: Callable) -> Callable:
  def run(value: Any) -> Any:
class TreeNode:
  def __init__(self, value: Any, left: Optional["TreeNode"] = None, right: Optional["TreeNode"] = None) -> None:
  def insert(self, value: Any) -> "TreeNode":
  def height(self) -> int:
  def to_list(self) -> list:
  class Visitor:
    ORDER_PRE: str = …
    ORDER_IN: str = …
    ORDER_POST: str = …
    def visit(self, node: "TreeNode", order: str = "in") -> list:
    def _pre(self, node: Optional["TreeNode"]) -> list:
    def _in(self, node: Optional["TreeNode"]) -> list:
    def _post(self, node: Optional["TreeNode"]) -> list:
@@CASE@@ realworld
DEFAULT_TIMEOUT: int = …
MAX_RETRIES: int = …
BASE_URL: str = …
SUPPORTED_FORMATS: Tuple[str, ...] = …
class DatabaseConfig:
  HOST: str = …
  PORT: int = …
  NAME: str = …
  USER: str = …
  PASSWORD: str = …
  def dsn(self) -> str:
  def from_env(cls) -> "DatabaseConfig":
class AppConfig:
  DEBUG: bool = …
  SECRET_KEY: str = …
  ALLOWED_HOSTS: List[str] = …
  def validate(self) -> None:
  def is_production(self) -> bool:
class User:
  ROLES: Tuple[str, ...] = …
  def __init__(self, user_id: int, username: str, role: str = "viewer") -> None:
  def __repr__(self) -> str:
  def has_permission(self, action: str) -> bool:
  def token(self) -> Optional[str]:
  def token(self, value: str) -> None:
  def anonymous(cls) -> "User":
class Article:
  STATUS_DRAFT: str = …
  STATUS_PUBLISHED: str = …
  STATUS_ARCHIVED: str = …
  def __init__(self, article_id: int, title: str, body: str, author: User, tags: Optional[List[str]] = None) -> None:
  def publish(self) -> None:
  def archive(self) -> None:
  def word_count(self) -> int:
  def summary(self, max_words: int = 50) -> str:
class ArticleService:
  PAGE_SIZE: int = …
  def __init__(self, config: AppConfig) -> None:
  def create(self, title: str, body: str, author: User, tags: Optional[List[str]] = None) -> Article:
  def get(self, article_id: int) -> Article:
  def list_published(self, page: int = 1) -> List[Article]:
  def search(self, query: str, tags: Optional[Sequence[str]] = None) -> List[Article]:
  def delete(self, article_id: int, requestor: User) -> None:
def parse_args(argv: Optional[List[str]] = None) -> Dict[str, Any]:
def setup_logging(debug: bool = False) -> None:
def main(argv: Optional[List[str]] = None) -> int:
@@CASE@@ simple
PI = …
MAX_USERS = …
APP_NAME = …
def add(a, b):
def subtract(a, b):
def main():
@@CASE@@ tidy_string_default
def f(x=" ,hello"):
def g(x=",)"):
@@CASE@@ tricky
CONFIG_PATH = …
def real_one():
HEADERS = …
def with_default_dict(opts={"a": 1, "b": 2}):
def lambda_default(key=lambda x: x.id):
@@CASE@@ triple_class_const
class Real:
  PATTERN = …
  def method(self):
@@CASE@@ triple_in_dquote
def a():
def b():
@@CASE@@ triple_in_squote
def a():
def b():
@@CASE@@ unicode
GREETING_EN: str = …
GREETING_JA: str = …
GREETING_AR: str = …
GREETING_ZH: str = …
PI_APPROX: float = …
def greet(name: str) -> str:
def berechne_summe(zahlen: List[float]) -> float:
def вычислить_среднее(числа: List[float]) -> float:
def حساب_مجموع(أرقام: List[float]) -> float:
def 合計を計算する(数値リスト: List[float]) -> float:
class Ünterklasse:
  KLASSE_NAME: str = …
  def __init__(self, wert: Any) -> None:
  def hole_wert(self) -> Any:
  def ist_leer(self) -> bool:
class МатематическийОбъект:
  def __init__(self, значение: float) -> None:
  def абсолютное_значение(self) -> float:
  def является_положительным(self) -> bool:
class 数学クラス:
  def __init__(self, 値: float) -> None:
  def 平方根を求める(self) -> float:
  def 切り捨て(self) -> int:
def mixed_αβγ_function(α: float, β: float, γ: float = 0.0) -> float:
def normalize_ñ(text: str) -> str:
@@CASE@@ multiline_triple_quoted_default
def f(x=""" multi """) -> str:
@@CASE@@ multiline_string_collection_default
def f(items=["a", "b"]) -> list:
@@CASE@@ raw_two_char_prefix_string
def f(x=rb"ends_with_backslash\"):
def g() -> int:
