@@CASE@@ comments_strings
export const REAL_CONSTANT: number = …
export interface RealInterface
  realMethod(x: number): string
export class RealClass
  constructor(label: string)
  describe(): string
  getTemplate(): string
  getSingleQuoted(): string
  getDoubleQuoted(): string
export function liveFunction(a: number, b: number): number
export type RealType = string | number
export enum RealEnum
export const ANOTHER_REAL: string = …
@@CASE@@ edge
export const greet = (name: string): string => `Hello, ${name}!`
export const add = (a: number, b: number): number => a + b
export const noop = (): void =>
export const compose = <T>(fns: Array<(x: T) => T>): ((x: T) => T) =>
export const ZERO: number = …
export const EMPTY: string = …
export const FLAGS: readonly string[] = …
export abstract class Shape
  abstract area(): number
  abstract perimeter(): number
  describe(): string
export class Square extends Shape
  constructor(public side: number)
  area(): number
  perimeter(): number
export interface StringMap
export interface EventRegistry
export type Serializable = object & { toJSON(): string }
export type StringOrNumber = string | number
export type AnyPrimitive = string | number | boolean | null | undefined
export type Point2D = [number, number]
export type Entry<K, V> = [key: K, value: V]
export function logAll(...messages: string[]): void
export function mergeObjects(target: Record<string, unknown>, ...sources: Record<string, unknown>[]): Record<string, unknown>
export function swapPair([a, b]: [number, number]): [number, number]
export function coerce(value: string): number
export function coerce(value: number): string
export function coerce(value: boolean): number
export function coerce(value: string | number | boolean): string | number
export function isString(value: unknown): value is string
export function assertIsNumber(value: unknown): asserts value is number
export class Counter
  constructor(start: number = 0)
  increment(by: number = 1): this
  reset(): void
  get value(): number
  static instanceCount(): number
export type Awaited<T> = T extends Promise<infer U> ? U : T
export type Flatten<T> = T extends Array<infer U> ? U : T
@@CASE@@ generic_methods
class Container<T>
  identity<U>(x: U): U
  map<U>(fn: (x: T) => U): U[]
  plain(a: number): number
function firstOf<T>(items: T[]): T
@@CASE@@ generics
export const EMPTY_ARRAY: readonly never[] = …
export interface Comparable<T>
  compareTo(other: T): number
  equals(other: T): boolean
export interface Repository<T, Id>
  findById(id: Id): Promise<T | undefined>
  findAll(): Promise<T[]>
  save(entity: T): Promise<T>
  removeById(id: Id): Promise<void>
export interface Transformer<In, Out>
  transform(input: In): Out
  transformAll(inputs: In[]): Out[]
export type Nullable<T> = T | null
export type Optional<T> = T | undefined
export type DeepReadonly<T> = T extends (infer U)[]
export type Keys<T> = keyof T
export type Values<T> = T[keyof T]
export type PickByValue<T, V>
export type Result<T, E extends Error = Error>
export enum Direction
export enum HttpStatus
export const enum LogLevel
export class SortedList<T extends Comparable<T>>
  constructor(initial?: T[])
  insert(item: T): void
  min(): T | undefined
  max(): T | undefined
  toArray(): T[]
export class Cache<K, V>
  constructor(private ttlMs: number = 60_000)
  set(key: K, value: V): void
  has(key: K): boolean
  clear(): void
export class BankAccount
  constructor(public readonly owner: string, initialBalance: number)
  deposit(amount: number): void
  withdraw(amount: number): boolean
  get currentBalance(): number
export function parseValue(input: string): number
export function parseValue(input: number): string
export function parseValue(input: string | number): string | number
export function identity<T>(value: T): T
export function mapArray<T, U>(arr: T[], fn: (item: T) => U): U[]
export function pipe<A, B, C>(fn1: (a: A) => B, fn2: (b: B) => C): (a: A) => C
export function assertNonNull<T>(value: T | null | undefined, msg?: string): T
function sealed(target: Function): void
function logCall(target: unknown, key: string, descriptor: PropertyDescriptor): void
@@CASE@@ malformed
export const API_KEY: string = …
export const TIMEOUT: number = …
export interface Partial
export class Misaligned
  constructor(public x: number, public y: number)
  getValue(): number
  scale(factor: number): Misaligned
export const A: number = …
export enum Status
export type LongUnion
export function legacy(a, b)
export const double = n => n * 2
export type Flip<T> = T extends true ? false : true
export class Duplicate
  constructor(private value: number)
  compute(): number
  compute(): string
export interface Mega extends Comparable, Serializable, Cloneable, Iterable
  megaMethod(a: number, b: string, c: boolean, d: object, e: unknown[]): Promise<void>
export type Nested<A, B, C> = Map<A, Map<B, Set<C>>>
export function withDefaults({ x = 0, y = 0, z = 0 }: { x?: number; y?: number; z?: number } = {}): string
export const getVersion = (): string => "1.0.0"
export class Registry
  static register(key: string, value: unknown): void
  static lookup(key: string): unknown
@@CASE@@ nested
export const VERSION: string = …
export namespace Geometry
  export const PI: number = …
  export interface Point
  export interface Rect
  export class Vector2D
    constructor(public x: number, public y: number)
    add(other: Vector2D): Vector2D
    scale(factor: number): Vector2D
    magnitude(): number
  export namespace Shapes
    export const DEFAULT_COLOR: string = …
    export interface Drawable
      draw(ctx: CanvasRenderingContext2D): void
      boundingBox(): Rect
    export class Circle implements Drawable
      constructor(public center: Point, public radius: number)
      area(): number
      draw(ctx: CanvasRenderingContext2D): void
      boundingBox(): Rect
    export class Rectangle implements Drawable
      constructor(public origin: Point, public width: number, public height: number)
      area(): number
      perimeter(): number
      draw(ctx: CanvasRenderingContext2D): void
      boundingBox(): Rect
    export namespace Transform
      export const IDENTITY_MATRIX: number[] = …
      export interface Transformable
        translate(dx: number, dy: number): void
        rotate(angle: number): void
        scale(sx: number, sy: number): void
      export class AffineTransform implements Transformable
        constructor(matrix?: number[])
        translate(dx: number, dy: number): void
        rotate(angle: number): void
        scale(sx: number, sy: number): void
        toArray(): number[]
export namespace Config
  export const DEFAULT_LOCALE: string = …
  export namespace Logging
    export const LOG_LEVEL: string = …
    export class Logger
      constructor(name: string)
      info(msg: string): void
      warn(msg: string): void
      error(msg: string, err?: Error): void
export function createLogger(name: string): Config.Logging.Logger
@@CASE@@ realworld
export const BASE_URL: string = …
export const DEFAULT_TIMEOUT_MS: number = …
export const MAX_RETRIES: number = …
export interface RequestOptions
export interface ApiResponse<T>
export interface UserProfile
export interface PaginatedResult<T>
export class ApiError extends Error
  constructor(public readonly statusCode: number, public readonly body: string, message: string)
  get isClientError(): boolean
  get isServerError(): boolean
export class HttpClient
  constructor(baseUrl: string = BASE_URL, token?: string)
  get endpoint(): string
  async fetchJson(path: string, opts?: RequestOptions): Promise<unknown>
  async sendJson(path: string, body: unknown, opts?: RequestOptions): Promise<unknown>
  async removeResource(path: string): Promise<void>
export class UserService
  constructor(client: HttpClient)
  async getUser(id: string): Promise<UserProfile>
  async createUser(profile: Omit<UserProfile, "id" | "createdAt">): Promise<UserProfile>
  async removeUser(id: string): Promise<void>
export function buildClient(token: string): HttpClient
export async function fetchUserById(id: string, token: string): Promise<UserProfile>
@@CASE@@ sample
export const MAX: number = …
interface Shape
  area(): number
export class Circle implements Shape
  constructor(public r: number)
  area(): number
function add(a: number, b: number): number
type Pair<T> = [T, T]
@@CASE@@ unicode
export const 最大値: number = …
export const минимум: number = …
export const näherungswert: number = …
export const π: number = …
export const τ: number = …
export interface Форма
  площадь(): number
  периметр(): number
export interface Şekil
  alan(): number
  çevre(): number
export class Kreis implements Форма
  constructor(public radius: number)
  площадь(): number
  периметр(): number
export class 円
  constructor(半径: number)
  面積(): number
  周長(): number
export class DaireŞekli implements Şekil
  constructor(public yarıçap: number)
  alan(): number
  çevre(): number
export type Зміна<T>
export function вітання(імʼя: string): string
export function grüßen(name: string): string
export function résoudre(équation: string): number
export function حساب(قيمة: number, معامل: number): number
export const beschreibung: string = …
export const описание: string = …
export const 説明: string = …
@@CASE@@ declare_statements
declare class EventTarget
  addEventListener(type: string): void
declare const window: Window = …
declare enum Direction
declare namespace DOM
  function querySelector(sel: string): Element | null
@@CASE@@ optional_members_and_intersection
interface Plugin
  required(): void
  optional?(): void
  withReturn?(): string
type A = { a: string } & { b: number }
function after(): void
@@CASE@@ set_accessor_in_interface
interface WithSetter
  get value(): number
  set value(v: number)
@@CASE@@ declare_module_and_global
declare module 'foo'
  function bar(): void
declare global
  function baz(): void
@@CASE@@ declare_const_object_type
declare const env = …
@@CASE@@ comment_leak_in_signature
export type Foo = string
export function bar(): void
@@CASE@@ local_function_suppressed
export function outer(): void
export class Foo
  bar(): string[]
