Animal = {}
function Animal.new(name, sound)
function Animal:speak()
function Animal:getName()
function Animal.from_table(t)
Dog = setmetatable(...)
function Dog.new(name)
function Dog:fetch(item)
function Dog:sit()
local Shape = {}
function Shape.new(kind)
function Shape:area()
function Shape:describe()
