VERSION: str = …
MAX_CONNECTIONS: int = …
MIN_TIMEOUT: float = …
BUFFER_SIZE: int = …
ALLOWED_METHODS: FrozenSet[str] = …
DEFAULT_HEADERS: Dict[str, str] = …
RETRY_BACKOFF_FACTORS: Tuple[float, ...] = …
EMPTY_SET: Set[int] = …
SENTINEL: object = …
FEATURE_FLAGS: Dict[str, bool] = …
class StatusCodes:
  OK: int = …
  CREATED: int = …
  NO_CONTENT: int = …
  BAD_REQUEST: int = …
  UNAUTHORIZED: int = …
  FORBIDDEN: int = …
  NOT_FOUND: int = …
  CONFLICT: int = …
  UNPROCESSABLE_ENTITY: int = …
  INTERNAL_SERVER_ERROR: int = …
  SERVICE_UNAVAILABLE: int = …
  def is_success(cls, code: int) -> bool:
  def is_client_error(cls, code: int) -> bool:
  def is_server_error(cls, code: int) -> bool:
class Units:
  METERS_PER_FOOT: float = …
  METERS_PER_INCH: float = …
  METERS_PER_MILE: float = …
  METERS_PER_KM: float = …
  KG_PER_POUND: float = …
  KG_PER_OUNCE: float = …
  KG_PER_TON: float = …
  SECONDS_PER_MINUTE: int = …
  SECONDS_PER_HOUR: int = …
  SECONDS_PER_DAY: int = …
  SECONDS_PER_WEEK: int = …
  def convert(value: float, from_unit: str, to_unit: str) -> float:
class _PrivateConfig:
  TIMEOUT: int = …
  MAX_SIZE: int = …
  def apply(self) -> Dict[str, Any]:
def describe_constant(name: str, value: Any) -> str:
def is_constant_name(name: str) -> bool:
