T = …
K = …
V = …
PLATFORM: str = …
VERSION_INFO: Tuple[int, ...] = …
MAX_INT: int = …
IS_64BIT: bool = …
EMPTY_BYTES: bytes = …
NEWLINE: str = …
LOOKUP_TABLE: dict = …
def pos_only_func(x: int, y: int, /, z: int = 0) -> int:
def overloaded_config(host: str = "localhost", port: int = 8080, user: Optional[str] = None, password: Optional[str] = None, database: Optional[str] = None, timeout: float = 30.0, connect_timeout: float = 10.0, max_overflow: int = 10, pool_size: int = 5, pool_recycle: int = -1, pool_pre_ping: bool = False, echo: bool = False, /, *, ssl: bool = False, ssl_ca_certs: Optional[str] = None, charset: str = "utf8mb4", **extra) -> dict:
async def async_range(start: int, stop: int, step: int = 1) -> AsyncGenerator[int, None]:
def chunked(iterable, size: int) -> Generator[list, None, None]:
def process(value: int) -> str:
def process(value: str) -> int:
def process(value):
class AbstractMarker:
class EmptyWithPass:
class Protocol:
class MagicBox(Generic[T]):
  CAPACITY: ClassVar[int] = …
  def __init__(self, value: T) -> None:
  def __repr__(self) -> str:
  def __str__(self) -> str:
  def __eq__(self, other: object) -> bool:
  def __hash__(self) -> int:
  def __bool__(self) -> bool:
  def __len__(self) -> int:
  def __contains__(self, item: object) -> bool:
  def __iter__(self) -> Iterator[T]:
  def __next__(self) -> T:
  def __enter__(self) -> "MagicBox[T]":
  def __exit__(self, exc_type, exc_val, exc_tb) -> bool:
  def __add__(self, other: "MagicBox[T]") -> "MagicBox":
  def __iadd__(self, other: "MagicBox[T]") -> "MagicBox[T]":
  def __getitem__(self, key: int) -> T:
  def __setitem__(self, key: int, value: T) -> None:
  def __delitem__(self, key: int) -> None:
  def __call__(self, *args, **kwargs) -> T:
  def __sizeof__(self) -> int:
  def __class_getitem__(cls, item):
  def empty(cls) -> "MagicBox[None]":
  def of(value: T) -> "MagicBox[T]":
def decorator_a(fn):
def decorator_b(arg):
  def wrapper(fn):
def decorator_c(fn):
def triple_decorated(x: int, y: int) -> int:
def abstract_stub(name: str, value: object) -> None:
def walrus_demo(data: list) -> Optional[int]:
