DEFAULT_TIMEOUT: int = …
MAX_RETRIES: int = …
BASE_URL: str = …
SUPPORTED_FORMATS: Tuple[str, ...] = …
class DatabaseConfig:
  HOST: str = …
  PORT: int = …
  NAME: str = …
  USER: str = …
  PASSWORD: str = …
  def dsn(self) -> str:
  def from_env(cls) -> "DatabaseConfig":
    HOST = …
    PORT = …
    NAME = …
    USER = …
    PASSWORD = …
class AppConfig:
  DEBUG: bool = …
  SECRET_KEY: str = …
  ALLOWED_HOSTS: List[str] = …
  def validate(self) -> None:
  def is_production(self) -> bool:
class User:
  ROLES: Tuple[str, ...] = …
  def __init__(self, user_id: int, username: str, role: str = "viewer") -> None:
  def __repr__(self) -> str:
  def has_permission(self, action: str) -> bool:
  def token(self) -> Optional[str]:
  def token(self, value: str) -> None:
  def anonymous(cls) -> "User":
class Article:
  STATUS_DRAFT: str = …
  STATUS_PUBLISHED: str = …
  STATUS_ARCHIVED: str = …
  def __init__(self, article_id: int, title: str, body: str, author: User, tags: Optional[List[str]] = None) -> None:
  def publish(self) -> None:
  def archive(self) -> None:
  def word_count(self) -> int:
  def summary(self, max_words: int = 50) -> str:
class ArticleService:
  PAGE_SIZE: int = …
  def __init__(self, config: AppConfig) -> None:
  def create(self, title: str, body: str, author: User, tags: Optional[List[str]] = None) -> Article:
  def get(self, article_id: int) -> Article:
  def list_published(self, page: int = 1) -> List[Article]:
  def search(self, query: str, tags: Optional[Sequence[str]] = None) -> List[Article]:
  def delete(self, article_id: int, requestor: User) -> None:
def parse_args(argv: Optional[List[str]] = None) -> Dict[str, Any]:
def setup_logging(debug: bool = False) -> None:
def main(argv: Optional[List[str]] = None) -> int:
