#define GREETING …
#define DECL_STRING …
#define CHAR_LITERAL_BRACE …
static const char *SQL = …
static const int VERSION = …
struct Config
typedef struct Config Config
void print_fake_declarations(void)
int parse_config(const char *filename, struct Config *cfg)
static int validate(const struct Config *cfg)
void dump_config(const struct Config *cfg)
