#define SWAP(type, a, b) …
#define UNUSED(x) …
#define LIKELY(x) …
#define UNLIKELY(x) …
static const int MAGIC = …
static const size_t FLEX_HEADER_SIZE = …
struct Ops
struct Packet
struct Buffer
struct Flags
struct Value
  union 
int string_format(char *buf, size_t size, const char *fmt, ...)
typedef void (*HandlerFn)(int sig)
HandlerFn signal_set(int signum, HandlerFn handler)
int memcmp_safe(const void *a, size_t la, const void *b, size_t lb)
struct Value value_make_int(long v)
struct Value value_make_str(char *s)
static inline uint32_t rotl32(uint32_t x, int k)
