#define PI …
#define E …
#define MAX_UINT8 …
#define MAX_UINT16 …
#define MAX_UINT32 …
#define CACHE_LINE …
#define PAGE_SIZE …
#define BIT(n) …
#define BITMASK(lo, hi) …
#define SET_BIT(x, n) …
#define CLR_BIT(x, n) …
#define TST_BIT(x, n) …
#define MIN(a, b) …
#define MAX(a, b) …
#define CLAMP(v, lo, hi) …
#define ARRAY_LEN(arr) …
#define ARRAY_END(arr) …
#define ALIGN_UP(x, align) …
#define ALIGN_DOWN(x, align) …
#define IS_ALIGNED(x, align) …
#define STATIC_ASSERT(cond, msg) …
#define UNREACHABLE() …
#define STRINGIFY(x) …
#define TOSTRING(x) …
#define CONCAT(a, b) …
static const uint32_t FNV_OFFSET_BASIS = …
static const uint32_t FNV_PRIME = …
static const size_t MAX_KEY_LEN = …
static const size_t HASH_TABLE_SIZE = …
static const double GOLDEN_RATIO = …
struct MemBlock
uint32_t fnv1a_hash(const void *data, size_t len)
size_t align_up(size_t x, size_t align)
int mem_block_write(struct MemBlock *blk, const void *src, size_t n)
static uint32_t crc32_byte(uint32_t crc, uint8_t byte)
uint32_t crc32(const void *data, size_t len)
