#define SERVER_VERSION …
#define MAX_CONNECTIONS …
#define DEFAULT_PORT …
#define BUFFER_SIZE …
static const int BACKLOG = …
static const double TIMEOUT_SEC = …
static const char *DEFAULT_HOST = …
enum ConnectionState
enum LogLevel
struct ServerConfig
struct Connection
struct Server
int server_init(struct Server *srv, const struct ServerConfig *cfg)
void server_shutdown(struct Server *srv)
int server_accept(struct Server *srv)
int connection_read(struct Connection *conn)
int connection_write(struct Connection *conn, const char *data, size_t len)
void connection_close(struct Connection *conn)
static void log_message(enum LogLevel level, const char *fmt, ...)
int server_init(struct Server *srv, const struct ServerConfig *cfg)
void server_shutdown(struct Server *srv)
int server_accept(struct Server *srv)
int connection_read(struct Connection *conn)
int connection_write(struct Connection *conn, const char *data, size_t len)
void connection_close(struct Connection *conn)
static void log_message(enum LogLevel level, const char *fmt, ...)
