typedef unsigned char u8
typedef unsigned short u16
typedef unsigned int u32
typedef unsigned long long u64
typedef signed char i8
typedef signed short i16
typedef signed int i32
typedef signed long long i64
typedef float f32
typedef double f64
typedef int (*CompareFn)(const void *a, const void *b)
typedef void (*CallbackFn)(int event, void *user_data)
typedef char *(*AllocStrFn)(size_t n)
enum HttpStatus
typedef enum HttpStatus HttpStatus
enum Direction
typedef struct
typedef struct
typedef struct Node
typedef struct
typedef union
  struct 
LinkedList *list_create(CompareFn cmp)
void list_destroy(LinkedList *list)
int list_push_front(LinkedList *list, void *data)
int list_push_back(LinkedList *list, void *data)
void *list_pop_front(LinkedList *list)
Node *list_find(const LinkedList *list, const void *key)
const char *http_status_str(HttpStatus status)
Rect rect_intersect(Rect a, Rect b)
bool rect_contains(const Rect *r, i32 x, i32 y)
