pub struct Empty
pub enum Void
pub trait Marker
pub const fn square(n: u32) -> u32
pub static mut COUNTER: u64 = …
pub fn noop()
pub fn identity<T>(x: T) -> T
pub fn add(a: i32, b: i32) -> i32
pub type Result<T> = std::result::Result<T, String>
pub type Callback = Box<dyn Fn(u32) -> u32 + Send + Sync>
pub union Bits
pub struct Opaque(u64)
pub struct Point
pub enum Direction
pub trait Serialize
  fn serialize(&self) -> Vec<u8>
  fn serialized_size(&self) -> usize
pub trait Deserialize: Sized
  fn deserialize(bytes: &[u8]) -> Result<Self>
  fn expected_size() -> usize
pub const LOOKUP: [u8; 4] = …
pub const MASK: u64 = …
  fn c_sqrt(x: f64) -> f64
  fn c_abs(x: i32) -> i32
pub fn compact(x:u32)->u32
pub struct Constrained<A, B, C>
  pub fn new(a: A, b: B, c: C) -> Self
