pub const INITIAL_CAPACITY: usize = …
pub struct TypedMap<K, V>
  pub fn new() -> Self
  pub fn insert(&mut self, key: K, value: V) -> Option<V>
  pub fn get(&self, key: &K) -> Option<&V>
  fn default() -> Self
pub trait Combinable<T, E>
  type Output
  fn combine<U, F>(self, other: Result<U, E>, f: F) -> Self::Output
pub trait Stage<In, Out>
  type Error: fmt::Debug
  fn process(&mut self, input: In) -> Result<Out, Self::Error>
  fn chain<S, Next>(self, next: S) -> Chained<Self, S>
pub struct Chained<A, B>
  type Error = B::Error
  fn process(&mut self, input: In) -> Result<Out, Self::Error>
  fn chain<S, Next>(self, next: S) -> Chained<Self, S>
pub struct Tagged<T, Tag>
  pub fn new(value: T) -> Self
  pub fn map<U, F>(self, f: F) -> Tagged<U, Tag>
pub fn merge_filtered<I, J, T, P>(left: I, right: J, predicate: P) -> impl Iterator<Item = T>
pub fn apply_to_str<F>(s: &str, f: F) -> String
