pub const LICHTGESCHWINDIGKEIT: f64 = …
pub const KREISZAHL_PI: f64 = …
pub struct Koordinate
  pub fn neu(länge: f64, breite: f64) -> Self
  pub fn abstand(&self, andere: &Koordinate) -> f64
pub trait Grüßen
  fn grüß_gott(&self) -> String
  fn auf_wiedersehen(&self) -> String
pub struct DeutscherGreeter
  fn grüß_gott(&self) -> String
  fn auf_wiedersehen(&self) -> String
pub fn zeichenanzahl(s: &str) -> usize
pub fn umkehren(s: &str) -> String
pub struct 辞書<K, V>
  pub fn neu() -> Self
  pub fn einfügen(&mut self, schlüssel: K, wert: V)
  pub fn suchen(&self, schlüssel: &K) -> Option<&V>
pub fn café_name() -> &'static str
