trait RealTrait
  def realMethod(): String
object StringLiterals
  val greeting: String = …
  val template: String = …
  val name: String = …
  val msg: String = …
  val multiLineIgnored: String = …
  def realDef(x: Int): Int
class BlockCommentHolder
  val realVal: Double = …
  def realMethod(): Boolean
  val anotherReal: String = …
object NestedStringEdgeCases
  val tricky: String = …
  val raw: String = …
  val legitimate: Int = …
  def compute(s: String): Int
