trait Repository[A, ID]
  def findById(id: ID): Future[Option[A]]
  def findAll(): Future[List[A]]
  def save(entity: A): Future[A]
  def delete(id: ID): Future[Boolean]
case class ProductId(value: Long)
case class UserId(value: Long)
case class Product(id: ProductId, name: String, price: BigDecimal, stock: Int)
case class User(id: UserId, email: String, name: String)
case class OrderLine(product: Product, quantity: Int)
  def subtotal: BigDecimal
case class Order(id: Long, user: User, lines: List[OrderLine])
  def total: BigDecimal
  def itemCount: Int
trait ProductRepository extends Repository[Product, ProductId]
  def findByName(name: String): Future[List[Product]]
  def findInStock(): Future[List[Product]]
  def updateStock(id: ProductId, delta: Int): Future[Boolean]
trait OrderRepository extends Repository[Order, Long]
  def findByUser(userId: UserId): Future[List[Order]]
  def findRecent(limit: Int): Future[List[Order]]
class OrderService(orders: OrderRepository, products: ProductRepository)(using ec: ExecutionContext)
  val MaxOrderLines: Int = …
  val MinimumOrderAmount: BigDecimal = …
  def placeOrder(user: User, lines: List[OrderLine]): Future[Order]
  def cancelOrder(orderId: Long): Future[Boolean]
  def getOrderSummary(userId: UserId): Future[String]
  private def validateLines(lines: List[OrderLine]): Boolean
object OrderService
  val ServiceVersion: String = …
  def apply(orders: OrderRepository, products: ProductRepository)(using ec: ExecutionContext): OrderService
