namespace tricks
  constexpr int REAL_CONST = …
  class StringHolder
    explicit StringHolder()
    std::string get_fake_code() const
    std::string get_raw_fake() const
    bool is_valid() const
    StringHolder operator+(const StringHolder& other) const
    bool operator==(const StringHolder& other) const
  int real_function(int a, int b)
  struct RealStruct
  enum class Color
  double compute(double a, double b)
  void process(const RealStruct& s)
