namespace corp
  namespace engine
    namespace render
      namespace detail
        struct Vertex
        struct Triangle
        class Mesh
          void add_vertex(Vertex v)
          void add_triangle(Triangle t)
          unsigned vertex_count() const
          unsigned triangle_count() const
          bool empty() const
          void clear()
          class Builder
            Builder& vertex(float x, float y, float z)
            Builder& normal(float nx, float ny, float nz)
            Builder& uv(float u, float v)
            Builder& triangle(unsigned a, unsigned b, unsigned c)
            Mesh build()
      enum class BlendMode
      class Material
        explicit Material(std::string name)
        const std::string& name() const
        void set_blend(BlendMode b)
        BlendMode blend() const
        class Param
          explicit Param(std::string key)
          void set_float(float v)
          void set_int(int v)
          void set_string(std::string v)
          const std::string& key() const
        void add_param(Param p)
      class Scene
        void add_mesh(detail::Mesh m, Material mat)
        void remove_mesh(unsigned id)
        unsigned mesh_count() const
        class Node
          unsigned id() const
          const detail::Mesh& mesh() const
          const Material& material() const
  namespace physics
    struct AABB
    class RigidBody
      explicit RigidBody(float mass)
      float mass() const
      void apply_force(float fx, float fy, float fz)
      void step(float dt)
      AABB bounding_box() const
