namespace math
  constexpr double PI = …
  constexpr double E = …
  constexpr double SQRT2 = …
  constexpr int MAX_DIM = …
  static const std::string LIBRARY_NAME = …
  enum Axis
  enum class Norm
  struct Vec2
    explicit operator bool() const
    double length() const
    double dot(const Vec2& other) const
    Vec2 normalized() const
  class Vec3
    static constexpr int DIM = …
    double x() const
    double y() const
    double z() const
    double& x()
    double& y()
    double& z()
    double length() const
    double lengthSq() const
    Vec3 normalize() const
    double dot(const Vec3& o) const
    Vec3 cross(const Vec3& o) const
    Norm dominant_norm() const
    double norm(Norm kind) const
  class Mat3
    static constexpr int ROWS = …
    static constexpr int COLS = …
    double operator()(int r, int c) const
    double& operator()(int r, int c)
    Mat3 transpose() const
    double determinant() const
    Mat3 inverse() const
    bool invertible() const
