namespace tpl
  T clamp(T value, T lo, T hi)
  OutputIt copy_if_transformed(InputIt first, InputIt last, OutputIt d_first, UnaryPredicate pred)
  class StaticArray
    explicit StaticArray(Args&&... args)
    reference at(size_type i)
    const_reference at(size_type i) const
    size_type size() const
    bool empty() const
    T* begin()
    T* end()
    const T* begin() const
    const T* end() const
    void sort(Compare comp)
  class StaticArray<bool, 0>
    std::size_t size() const
    bool empty() const
  struct Power
    static constexpr int value = …
  struct TypeList
    static constexpr std::size_t size = …
  class NumericRange
    T lo() const
    T hi() const
    T length() const
    bool contains(T v) const
    bool overlaps(const NumericRange& other) const
  constexpr T square(T x)
  typename Container::value_type sum(const Container& c)
  auto safe_cast(U value) -> T
