const val REAL_CONST = …
class RealClass
  val template: String = …
  val singleLine: String = …
  fun realMethod(input: String): String
  fun anotherReal(): Int
interface RealInterface
  fun realAbstract(): Boolean
  fun realWithDefault(): String
object RealObject
  val prop: Int = …
  fun doReal()
