const val MISSING_TYPE_ANNOTATION = …
val noExplicitType = …
var mutableNoType = …
fun noReturnType(x: Int)
fun multiLineParams(param1: String, param2: Int, param3: Double, param4: Boolean, param5: List<String>, param6: Map<String, Any>): String
class WeirdlyFormatted (val x : Int)
  fun spaceyMethod () : String
  val spaceyProp : Int = …
class EmptyBody
interface AllDefaults
  fun one(): Int
  fun two(): String
  fun three(): Boolean
fun deepGeneric(input: Map<String, List<Pair<Int, Set<Double>>>>): Map<String, Int>
fun withLambda(action: (String, Int) -> Boolean): List<String>
fun higherOrder(f: (Int) -> (String) -> Boolean): Boolean
fun processPair(pair: Pair<String, Int>): String
object Standalone
  fun method()
  val prop: String = …
enum class Direction
  fun opposite(): Direction
class Config private constructor(val data: Map<String, String>)
  companion object 
    val EMPTY: Config = …
    fun of(vararg pairs: Pair<String, String>): Config
