const Sunday = …
const Monday = …
const Tuesday = …
const Wednesday = …
const Thursday = …
const Friday = …
const Saturday = …
const FlagRead = …
const FlagWrite = …
const FlagExecute = …
func Divide(a, b float64) (float64, error)
func MinMax(nums []int) (min, max int)
func Sum(vals ...int) int
func Apply(f func(int) int, v int) int
func Adder(x int) func(int) int
func init()
type FuncField struct
type Doer interface
type ReadWriteCloser interface
var _ Doer = …
func LongSig(firstName string, lastName string, age int, active bool) (string, error)
var DefaultTimeout = …
var DefaultRetries = …
var DefaultHost = …
type Node struct
func (n *Node) Append(val int) *Node
type Token struct{}
func NewToken() Token
