type Address struct
type Contact struct
type Person struct
func (p Person) FullName() string
func (p *Person) UpdateContact(c Contact)
type Organization struct
func NewOrganization(name string) *Organization
func (o *Organization) AddMember(p Person)
func (o *Organization) FindMember(name string) (Person, bool)
type Tree struct
func NewTree(value int) *Tree
func (t *Tree) Insert(value int) *Tree
func (t *Tree) Height() int
func (t *Tree) Walk(fn func(int))
type Matrix struct
func NewMatrix(rows, cols int) *Matrix
func (m *Matrix) At(row, col int) float64
func (m *Matrix) Set(row, col int, val float64)
func (m *Matrix) Multiply(other *Matrix) (*Matrix, error)
