enum LogLevel
  bool get isAtLeast(LogLevel other) => index>= other.index
enum Direction
  final int degrees = …
  const Direction(this.degrees) = …
abstract class Shape
  const Shape() = …
  bool contains(Point<double> p)
  String toString() => '${runtimeType}(area=${area.toStringAsFixed(2)})'
mixin Serializable
  Map<String, dynamic> toJson()
  String toJsonString() => '{...}'
mixin Cacheable
  bool isCacheStale(DateTime cachedAt)
abstract class Result<T>
  const Result() = …
class Ok<T> extends Result<T>
  final T value = …
  const Ok(this.value) = …
class Err<T> extends Result<T>
  final Object error = …
  const Err(this.error) = …
class Circle extends Shape with Serializable, Cacheable
  final double radius = …
  static const double pi = …
  const Circle(this.radius) = …
  bool contains(Point<double> p)
  Map<String, dynamic> toJson() =>
abstract mixin class Disposable
  void dispose()
  void assertNotDisposed()
