const String kAppName = …
class Documented
  final int id = …
  String label()
  void realMethod()
const String raw1 = …
const String raw2 = …
const String interp = …
const String multiSingle = …
const String tripleDouble = …
const String tripleSingle = …
int realAdd(int a, int b)
class Settings
  set timeout(int value)
  set debug(bool value)
