const int kMaxCacheSize = …
class Pair<A, B>
  final A first = …
  final B second = …
  const Pair(this.first, this.second) = …
  Pair<B, A> swap() => Pair(second, first)
  String toString() => 'Pair($first, $second)'
class Triple<A, B, C> extends Pair<A, B>
  final C third = …
  const Triple(super.first, super.second, this.third) = …
  String toString() => 'Triple($first, $second, $third)'
class BoundedStack<T>
  final int capacity = …
  final List<T> _data = …
  bool push(T item)
class LruCache<K, V>
  final int maxSize = …
  final LinkedHashMap<K, V> _map = …
  void put(K key, V value)
  bool containsKey(K key) => _map.containsKey(key)
class TreeNode<T>
  final T value = …
abstract class Repository<T, ID extends Comparable<ID>>
  Future<T?> findById(ID id)
  Future<List<T>> findAll({int limit = 100, int offset = 0})
  Future<T> save(T entity)
  Future<void> deleteById(ID id)
  Future<bool> existsById(ID id)
class InMemoryRepository<T, ID extends Comparable<ID>> implements Repository<T, ID>
  final ID Function(T) idOf = …
  final Map<ID, T> _store = …
  Future<T?> findById(ID id) async => _store[id]
  Future<List<T>> findAll({int limit = 100, int offset = 0}) async
  Future<T> save(T entity) async
  Future<void> deleteById(ID id) async => _store.remove(id)
  Future<bool> existsById(ID id) async => _store.containsKey(id)
