const int kVersion = …
class Outer
  static const String tag = …
  final int id = …
  void process()
  String describe(String label, {bool verbose = false})
  class Inner
    static const String tag = …
    final Outer parent = …
    int compute(int x, int y) => x + y + parent.id
    void reset()
    class DeepNested
      final String name = …
      const DeepNested(this.name) = …
      bool isValid() => name.isNotEmpty
  class Sibling
    final double weight = …
    double scale(double factor) => weight * factor
class Container<T extends Comparable<T>>
  final List<T> _items = …
  static const int defaultCapacity = …
  void add(T item) => _items.add(item)
  class View<U>
    final Container<T> source = …
    final U Function(T) transform = …
    List<U> toList() => source._items.map(transform).toList()
void topLevel(int a, int b)
