const String kBaseUrl = …
const int kDefaultTimeout = …
final Uri _defaultUri = …
class ApiResponse<T>
  final T data = …
  final int statusCode = …
  final String? message = …
  const ApiResponse({required this.data, required this.statusCode, this.message}) = …
  String toString() => 'ApiResponse($statusCode, $message)'
class User
  final int id = …
  final String name = …
  final String email = …
  Map<String, dynamic> toJson()
class ApiClient
  final http.Client _inner = …
  final Duration timeout = …
  static const int maxRetries = …
  Future<Map<String, dynamic>> get(String path, {Map<String, String>? headers}) async
  Future<Map<String, dynamic>> post(String path, {required Map<String, dynamic> body}) async
  Map<String, dynamic> _parseResponse(http.Response response)
  void close() => _inner.close()
class UserRepository
  final ApiClient _client = …
  final Map<int, User> _cache = …
  Future<User> fetchUser(int id) async
  Future<List<User>> fetchAll({int page = 1, int perPage = 20}) async
  Future<User> updateUser(int id, {String? name, String? email}) async
  void invalidate(int id) => _cache.remove(id)
class ApiException implements Exception
  final int statusCode = …
  final String body = …
  const ApiException(this.statusCode, this.body) = …
  String toString() => 'ApiException($statusCode): $body'
