const double π = …
const double τ = …
const String kÄpfel = …
class Geometrie
  final double breite = …
  final double höhe = …
  const Geometrie({required this.breite, required this.höhe}) = …
class Kreis
  static const double π = …
  final double radius = …
  const Kreis(this.radius) = …
  double berechneFlaeche()
  double berechneUmfang()
abstract class 図形
  bool 含む(double x, double y)
class Configuración
  final String nombre = …
  final int máximo = …
  final int mínimo = …
  const Configuración({ required this.nombre, this.máximo = 100, this.mínimo = 0, }) = …
  bool esVálido(int valor)
mixin Étiquetable
enum Saison
double calculer(double largeur, double hauteur)
int comparer(Comparable<dynamic> α, Comparable<dynamic> β)
