module Serializable
  VERSION = …
  def self.included(base)
  module ClassMethods
    def from_hash(hash)
    def attribute_names
  def to_hash
  def to_json
module Validatable
  VALID_EMAIL_RE = …
  def valid?
  def errors
  def validate!
module Loggable
  LOG_LEVELS = …
  def self.included(base)
class Person
  SPECIES = …
  def initialize(id, name, email)
  def self.attribute_names
  def self.create(attrs)
  def adult?
  def greet
  def validate_email
module MathHelpers
  PI_APPROX = …
  def circle_area(r)
  def hypotenuse(a, b)
