HTTP_OK = …
HTTP_NOT_FOUND = …
DEFAULT_PAGE_SIZE = …
module Api
  module V1
    class UsersController
      ALLOWED_PARAMS = …
      def initialize(repo, logger)
      def index(params = {})
      def show(id)
      def create(params)
      def update(id, params)
      def destroy(id)
      def serialize(user)
      def filter_params(raw)
      def respond_with(status, body)
module Api
  module V1
    class SessionsController
      def create(credentials)
      def destroy(token)
      def authenticate(email, password)
      def revoke(token)
      def respond_with(status, body)
def health_check
