GREETING_ZH = …
GREETING_JA = …
GREETING_AR = …
module Internationalization
  LOCALE_DEFAULT = …
  class Traductor
    def initialize(locale)
    def translate(key)
    def lookup(key)
    def self.supported_locales
  module Emoji
    THUMBS_UP = …
    THUMBS_DOWN = …
    PARTY = …
    def self.decorate(text, icon)
    def self.celebrate(msg)
  class Formatter
    NBSP = …
    DASH = …
    def format_title(title, subtitle = nil)
    def format_list(items)
    def sanitize(str)
def greet(name, greeting = GREETING_ZH)
def noop
