public @interface Timed
  String value() default ""
  long timeoutMs() default 5000L
@interface Marker
  String description()
public sealed class Shape
  public static final double PI = …
  public abstract double area()
  public final class Circle extends Shape
    public Circle(double radius)
    public double area()
    public double circumference()
  public final class Rectangle extends Shape
    public Rectangle(double width, double height)
    public double area()
    public double perimeter()
enum Planet
  static final double G = …
  double surfaceGravity()
  double surfaceWeight(double otherMass)
record Point(int x, int y) implements Comparable<Point>
  public static final Point ORIGIN = …
  public double distanceTo(Point other)
  public int compareTo(Point other)
