public class Outer
  public static final int VERSION = …
  public Outer(int outerField)
  public int getOuterField()
  public static class StaticNested
    public StaticNested(String name)
    public String getName()
    public class DeepInner
      public void greet()
  public class Inner
    public static final String LABEL = …
    public Inner(int value)
    public int combined()
  public interface Callback
    void onEvent(String event)
    default void onError(String msg)
  public enum Priority
    public boolean isUrgent()
  public static Outer create(int v)
interface TopLevel
  void execute()
