public class BankAccount
  public static final String CURRENCY = …
  public static final double MIN_BALANCE = …
  private static final int MAX_TRANSACTIONS = …
  public BankAccount(String accountId, double initialBalance)
  public String getAccountId()
  public double getBalance()
  public void deposit(double amount)
  public boolean withdraw(double amount)
  public boolean transfer(BankAccount target, double amount)
  public List<String> getTransactionLog()
  public String toString()
interface Auditable
  List<String> getTransactionLog()
  String getAccountId()
enum AccountType
