export const CONFIG = …
export const transform = (input, options = {}) =>
export const compose = (...fns) => x => fns.reduceRight((v, f) => f(v), x)
class Validator
  constructor({ strict = false, maxLength = 255 } = {})
  addRule(name, fn)
  validate(value, ruleName)
  get ruleCount()
class ExtendedArray extends Array
  constructor(...args)
  first()
  last()
  groupBy(keyFn)
      const key = …
function* fibonacci()
export function parseArgs(argv = process.argv.slice(2))
      const [key, val = true] = …
