const WEIRD_SPACING = …
const TRAILING = …
const noSemi = …
const alsoNoSemi = …
class BrokenIndent
  constructor(x,y)
  weirdMethod (a, b)
  static fromPair([a,b])
function multipleReturns(x)
function empty()
const double = x => x * 2
const wait = async (ms) => new Promise(r => setTimeout(r, ms))
class EmptyClass
class Oneliner
function trailingCommaParams(a, b, c)
const obj = …
  method()
