export const VERSION = …
export class AsyncQueue
  static empty()
  get size()
  get isEmpty()
  set capacity(n)
  enqueue(item)
      const resolve = …
  async dequeue()
export async function fetchAll(urls)
export async function* streamLines(reader)
    const lines = …
export function* range(start, end, step = 1)
export function* zip(...iterables)
  const iterators = iterables.map(it => it[Symbol.iterator]())
    const results = iterators.map(it => it.next())
const retry = async (fn, times = 3) =>
const debounce = (fn, delay) =>
