const π = …
const τ = …
const ε = …
function вычислить(значение, коэффициент)
function calculerAire(rayon)
class Ñoño
  constructor(nombre)
  saludar()
  get descripción()
  set descripción(valor)
class 数学Utils
  static 加法(甲, 乙)
  static 乗法(甲, 乙)
const μ = (σ, n) => σ / Math.sqrt(n)
const ƒormatter = …
function résoudre(équation, variable)
async function récupérerDonnées(url)
