export const greet = (name: string): string => `Hello, ${name}!`
export const add = (a: number, b: number): number => a + b
export const noop = (): void =>
export const compose = <T>(fns: Array<(x: T) => T>): ((x: T) => T) =>
export const ZERO: number = …
export const EMPTY: string = …
export const FLAGS: readonly string[] = …
export abstract class Shape
  abstract area(): number
  abstract perimeter(): number
  describe(): string
export class Square extends Shape
  constructor(public side: number)
  area(): number
  perimeter(): number
export interface StringMap
export interface EventRegistry
export type Serializable = object &
export type StringOrNumber = string | number
export type AnyPrimitive = string | number | boolean | null | undefined
export type Point2D = [number, number]
export type Entry<K, V> = [key: K, value: V]
export function logAll(...messages: string[]): void
export function mergeObjects(target: Record<string, unknown>, ...sources: Record<string, unknown>[]): Record<string, unknown>
export function swapPair([a, b]: [number, number]): [number, number]
export function coerce(value: string): number
export function coerce(value: number): string
export function coerce(value: boolean): number
export function coerce(value: string | number | boolean): string | number
export function isString(value: unknown): value is string
export function assertIsNumber(value: unknown): asserts value is number
export class Counter
  constructor(start: number = 0)
  increment(by: number = 1): this
  reset(): void
  get value(): number
  static instanceCount(): number
export type Awaited<T> = T extends Promise<infer U> ? U : T
export type Flatten<T> = T extends Array<infer U> ? U : T
