export const EMPTY_ARRAY: readonly never[] = …
export interface Comparable<T>
  compareTo(other: T): number
  equals(other: T): boolean
export interface Repository<T, Id>
  findById(id: Id): Promise<T | undefined>
  findAll(): Promise<T[]>
  save(entity: T): Promise<T>
  removeById(id: Id): Promise<void>
export interface Transformer<In, Out>
  transform(input: In): Out
  transformAll(inputs: In[]): Out[]
export type Nullable<T> = T | null
export type Optional<T> = T | undefined
export type DeepReadonly<T> = T extends (infer U)[]
export type Keys<T> = keyof T
export type Values<T> = T[keyof T]
export type PickByValue<T, V>
export type Result<T, E extends Error = Error>
export enum Direction
export enum HttpStatus
export const enum LogLevel
export class SortedList<T extends Comparable<T>>
  constructor(initial?: T[])
  insert(item: T): void
  min(): T | undefined
  max(): T | undefined
  toArray(): T[]
export class Cache<K, V>
  constructor(private ttlMs: number = 60_000)
  set(key: K, value: V): void
  has(key: K): boolean
  clear(): void
export class BankAccount
  constructor(public readonly owner: string, initialBalance: number)
  deposit(amount: number): void
  withdraw(amount: number): boolean
  get currentBalance(): number
export function parseValue(input: string): number
export function parseValue(input: number): string
export function parseValue(input: string | number): string | number
export function identity<T>(value: T): T
export function mapArray<T, U>(arr: T[], fn: (item: T) => U): U[]
export function pipe<A, B, C>(fn1: (a: A) => B, fn2: (b: B) => C): (a: A) => C
export function assertNonNull<T>(value: T | null | undefined, msg?: string): T
function sealed(target: Function): void
function logCall(target: unknown, key: string, descriptor: PropertyDescriptor): void
