export const BASE_URL: string = …
export const DEFAULT_TIMEOUT_MS: number = …
export const MAX_RETRIES: number = …
export interface RequestOptions
export interface ApiResponse<T>
export interface UserProfile
export interface PaginatedResult<T>
export class ApiError extends Error
  constructor(public readonly statusCode: number, public readonly body: string, message: string)
  get isClientError(): boolean
  get isServerError(): boolean
export class HttpClient
  constructor(baseUrl: string = BASE_URL, token?: string)
  get endpoint(): string
  async fetchJson(path: string, opts?: RequestOptions): Promise<unknown>
  async sendJson(path: string, body: unknown, opts?: RequestOptions): Promise<unknown>
  async removeResource(path: string): Promise<void>
export class UserService
  constructor(client: HttpClient)
  async getUser(id: string): Promise<UserProfile>
  async createUser(profile: Omit<UserProfile, "id" | "createdAt">): Promise<UserProfile>
  async removeUser(id: string): Promise<void>
export function buildClient(token: string): HttpClient
export async function fetchUserById(id: string, token: string): Promise<UserProfile>
