let apiVersion: String = …
let helpText: String = …
struct RealModel
  let id: Int = …
  var label: String = …
  func realMethod() -> String
let documentation: String = …
let snippet: String = …
protocol Serializable
  func serialize() -> Data
  func deserialize(from data: Data) throws
class Cache
  var maxSize: Int = …
  var entries: [String: Any] = …
  init(maxSize: Int)
  func evict()
  var count: Int = …
let logPrefix: String = …
