let _: Int = …
let __version__: String = …
func computeValue(_ x: Int, _ y: Int) -> Int
struct MathUtils
  static let goldenRatio: Double = …
  static var seed: UInt64 = …
  static func gcd(_ a: Int, _ b: Int) -> Int
  static func lcm(_ a: Int, _ b: Int) -> Int
class Registry
  var entries: [String: Any] = …
  class func shared() -> Registry
  init()
  subscript(key: String) -> Any?
  func register(key: String, value: Any)
protocol Greetable
  var name: String = …
  func greet() -> String
extension Greetable
  func greet() -> String
  func farewell() -> String
enum EmptyFlags
enum HTTPMethod: String
  var isIdempotent: Bool = …
typealias CompletionHandler = (Result<Data, Error>) -> Void
typealias JSONDict = [String: Any]
actor Counter
  var value: Int = …
  let step: Int = …
  init(start: Int = 0, step: Int = 1)
  func increment()
  func reset()
func multiParam(first: Int, second: String, third: Bool) -> String
func sum(_ numbers: Int...) -> Int
func swap(_ a: inout Int, _ b: inout Int)
