let defaultCapacity: Int = …
let version: String = …
protocol Identifiable
  var id: ID = …
protocol Describable
  var description: String = …
  func shortDescription() -> String
protocol Resizable
  mutating func resize(to newCapacity: Int)
  var capacity: Int = …
  var count: Int = …
struct Vector2D
  var x: Double = …
  var y: Double = …
  static let zero: Vector2D = …
  static let one: Vector2D = …
  var magnitude: Double = …
  var normalized: Vector2D = …
  var isZero: Bool = …
  mutating func scale(by factor: Double)
  mutating func translate(dx: Double, dy: Double)
  static func dot(_ a: Vector2D, _ b: Vector2D) -> Double
  static func + (lhs: Vector2D, rhs: Vector2D) -> Vector2D
enum Shape
  var area: Double = …
  var perimeter: Double = …
  func scale(by factor: Double) -> Shape
  static func unitCircle() -> Shape
class Window
  var title: String = …
  var frame: (x: Double, y: Double, width: Double, height: Double) = …
  private var _isVisible: Bool = …
  weak var delegate: AnyObject? = …
  var isVisible: Bool = …
  var center: (x: Double, y: Double) = …
  var area: Double = …
  init(title: String, x: Double, y: Double, width: Double, height: Double)
  func show()
  func hide()
  func move(to point: (x: Double, y: Double))
  func resize(width: Double, height: Double)
extension Vector2D: Identifiable
  typealias ID = String
  var id: String = …
extension Vector2D: Describable
  var description: String = …
  func shortDescription() -> String
extension Shape: Describable
  var description: String = …
  func shortDescription() -> String
