let приветствие: String = …
let π: Double = …
let ε: Double = …
let résumé: String = …
struct Координата
  var широта: Double = …
  var долгота: Double = …
  func описание() -> String
  mutating func сдвинуть(дельта: Double)
class ПространствоИмён
  var имя: String = …
  var дочерние: [ПространствоИмён] = …
  init(имя: String)
  func добавить(_ ребёнок: ПространствоИмён)
protocol Описываемый
  func описать() -> String
  var название: String = …
enum Направление
  func противоположное() -> Направление
struct 点
  var x座標: Double = …
  var y座標: Double = …
  func 距離(から other: 点) -> Double
let رسالة: String = …
extension 点: Описываемый
  func описать() -> String
  var название: String = …
