const REAL_CONST = …
class StringDecoyContainer
  public const LABEL = …
  public function getDoubleQuotedDecoy(): string
  public function getSingleQuotedDecoy(): string
  public function realMethod(): bool
  public function anotherReal(int $n): int
interface RealInterface
  public function realInterfaceMethod(): string
  public function anotherRealMethod(int $x): bool
function realFunction(int $n): int
function anotherRealFunction(string $s, bool $flag = false): ?string
