const TYPED_CONST = …
abstract class AbstractBase
  abstract public function mustImplement(): void
  abstract protected function mustImplementProtected(int $x): string
  public function concreteMethod(): string
  final public function finalMethod(): bool
  public static function abstractStatic(): void
final class ConcreteChild extends AbstractBase
  public const VERSION = …
  public function __construct(private readonly string $name, protected int $count = 0)
  public function mustImplement(): void
  protected function mustImplementProtected(int $x): string
  public function __toString(): string
  public function __clone(): void
  public static function withName(string $name): static
interface Countable
  public function count(): int
interface Stringable
  public function __toString(): string
interface Both extends Countable, Stringable
  public function isEmpty(): bool
class NullableTypes
  public function maybeNull(?string $s): ?int
  public function unionTypes(int|string $val): bool|null
  public function intersectionTypes(\Countable&\Iterator $col): void
  public function neverReturn(): never
  public static function voidStatic(): void
function variadic(string $first, mixed ...$rest): array
function withDefaultComplex(array $opts = [], ?callable $fn = null, int $flags = PHP_INT_SIZE): mixed
