class Outer
  public const OUTER_CONST = …
  public function outerMethod(): void
  public static function outerStatic(int $x, int $y): int
  class Inner
    public const INNER_CONST = …
    public function innerMethod(string $s): string
    class DeepInner
      public function __construct(int $value)
      public function getValue(): int
      public static function create(int $v): static
class Sibling
  public function siblingMethod(): bool
interface Contractable
  public function bind(): void
  public function release(): void
interface ExtendedContract extends Contractable
  public function inspect(): array
function topLevelHelper(mixed $input): string
